<?xml version="1.0" encoding="UTF-8"?>
<testsuites name="jest tests" tests="2" failures="0" errors="0" time="1.956">
  <testsuite name="API Tests" errors="0" failures="0" skipped="0" timestamp="2025-04-14T02:28:17" time="1.727" tests="2">
    <testcase classname="API Tests should return a list of users" name="API Tests should return a list of users" time="0.05">
    </testcase>
    <testcase classname="API Tests should return a single user" name="API Tests should return a single user" time="0.01">
    </testcase>
  </testsuite>
</testsuites>